[0.013s] Invoking command in '/home/ubuntu/ros2_ws/build/ur_yt_sim': CMAKE_PREFIX_PATH=${CMAKE_PREFIX_PATH}:/opt/ros/jazzy DEBUGINFOD_URLS=https://debuginfod.ubuntu.com /usr/bin/cmake /home/ubuntu/ros2_ws/src/ur_yt_sim -DCMAKE_INSTALL_PREFIX=/home/ubuntu/ros2_ws/install/ur_yt_sim
[0.049s] -- Found ament_cmake: 2.5.5 (/opt/ros/jazzy/share/ament_cmake/cmake)
[0.313s] -- Override CMake install command with custom implementation using symlinks instead of copying resources
[0.445s] -- Configuring done (0.4s)
[0.449s] -- Generating done (0.0s)
[0.451s] -- Build files have been written to: /home/ubuntu/ros2_ws/build/ur_yt_sim
[0.457s] Invoked command in '/home/ubuntu/ros2_ws/build/ur_yt_sim' returned '0': CMAKE_PREFIX_PATH=${CMAKE_PREFIX_PATH}:/opt/ros/jazzy DEBUGINFOD_URLS=https://debuginfod.ubuntu.com /usr/bin/cmake /home/ubuntu/ros2_ws/src/ur_yt_sim -DCMAKE_INSTALL_PREFIX=/home/ubuntu/ros2_ws/install/ur_yt_sim
[0.460s] Invoking command in '/home/ubuntu/ros2_ws/build/ur_yt_sim': CMAKE_PREFIX_PATH=${CMAKE_PREFIX_PATH}:/opt/ros/jazzy DEBUGINFOD_URLS=https://debuginfod.ubuntu.com /usr/bin/cmake --build /home/ubuntu/ros2_ws/build/ur_yt_sim -- -j8 -l8
[0.555s] Invoked command in '/home/ubuntu/ros2_ws/build/ur_yt_sim' returned '0': CMAKE_PREFIX_PATH=${CMAKE_PREFIX_PATH}:/opt/ros/jazzy DEBUGINFOD_URLS=https://debuginfod.ubuntu.com /usr/bin/cmake --build /home/ubuntu/ros2_ws/build/ur_yt_sim -- -j8 -l8
[0.580s] Invoking command in '/home/ubuntu/ros2_ws/build/ur_yt_sim': CMAKE_PREFIX_PATH=${CMAKE_PREFIX_PATH}:/opt/ros/jazzy DEBUGINFOD_URLS=https://debuginfod.ubuntu.com /usr/bin/cmake --install /home/ubuntu/ros2_ws/build/ur_yt_sim
[0.594s] -- Install configuration: ""
[0.595s] -- Execute custom install script
[0.596s] -- Up-to-date symlink: /home/ubuntu/ros2_ws/install/ur_yt_sim/share/ur_yt_sim/launch/view_ur5e_gripper.launch.py
[0.596s] -- Up-to-date symlink: /home/ubuntu/ros2_ws/install/ur_yt_sim/share/ur_yt_sim/urdf/robotiq_gripper.ros2_control.xacro
[0.597s] -- Up-to-date symlink: /home/ubuntu/ros2_ws/install/ur_yt_sim/share/ur_yt_sim/urdf/robotiq_gripper_macro.xacro
[0.597s] -- Up-to-date symlink: /home/ubuntu/ros2_ws/install/ur_yt_sim/share/ur_yt_sim/urdf/robotiq_overrides/robotiq_gripper.ros2_control.xacro
[0.597s] -- Up-to-date symlink: /home/ubuntu/ros2_ws/install/ur_yt_sim/share/ur_yt_sim/urdf/ur5.ros2_control.xacro
[0.598s] -- Up-to-date symlink: /home/ubuntu/ros2_ws/install/ur_yt_sim/share/ur_yt_sim/urdf/ur5_macro.xacro
[0.598s] -- Up-to-date symlink: /home/ubuntu/ros2_ws/install/ur_yt_sim/share/ur_yt_sim/urdf/ur5e_gripper.urdf.xacro
[0.598s] -- Up-to-date symlink: /home/ubuntu/ros2_ws/install/ur_yt_sim/share/ur_yt_sim/urdf/ur_moveit.urdf.xacro
[0.598s] -- Up-to-date symlink: /home/ubuntu/ros2_ws/install/ur_yt_sim/share/ur_yt_sim/rviz/ur5e_gripper.rviz
[0.598s] -- Up-to-date symlink: /home/ubuntu/ros2_ws/install/ur_yt_sim/share/ur_yt_sim/config/initial_positions.yaml
[0.599s] -- Up-to-date symlink: /home/ubuntu/ros2_ws/install/ur_yt_sim/share/ament_index/resource_index/package_run_dependencies/ur_yt_sim
[0.599s] -- Up-to-date symlink: /home/ubuntu/ros2_ws/install/ur_yt_sim/share/ament_index/resource_index/parent_prefix_path/ur_yt_sim
[0.599s] -- Up-to-date symlink: /home/ubuntu/ros2_ws/install/ur_yt_sim/share/ur_yt_sim/environment/ament_prefix_path.sh
[0.599s] -- Up-to-date symlink: /home/ubuntu/ros2_ws/install/ur_yt_sim/share/ur_yt_sim/environment/ament_prefix_path.dsv
[0.600s] -- Up-to-date symlink: /home/ubuntu/ros2_ws/install/ur_yt_sim/share/ur_yt_sim/environment/path.sh
[0.600s] -- Up-to-date symlink: /home/ubuntu/ros2_ws/install/ur_yt_sim/share/ur_yt_sim/environment/path.dsv
[0.600s] -- Up-to-date symlink: /home/ubuntu/ros2_ws/install/ur_yt_sim/share/ur_yt_sim/local_setup.bash
[0.600s] -- Up-to-date symlink: /home/ubuntu/ros2_ws/install/ur_yt_sim/share/ur_yt_sim/local_setup.sh
[0.600s] -- Up-to-date symlink: /home/ubuntu/ros2_ws/install/ur_yt_sim/share/ur_yt_sim/local_setup.zsh
[0.601s] -- Up-to-date symlink: /home/ubuntu/ros2_ws/install/ur_yt_sim/share/ur_yt_sim/local_setup.dsv
[0.601s] -- Symlinking: /home/ubuntu/ros2_ws/install/ur_yt_sim/share/ur_yt_sim/package.dsv
[0.625s] -- Up-to-date symlink: /home/ubuntu/ros2_ws/install/ur_yt_sim/share/ament_index/resource_index/packages/ur_yt_sim
[0.625s] -- Up-to-date symlink: /home/ubuntu/ros2_ws/install/ur_yt_sim/share/ur_yt_sim/cmake/ur_yt_simConfig.cmake
[0.625s] -- Up-to-date symlink: /home/ubuntu/ros2_ws/install/ur_yt_sim/share/ur_yt_sim/cmake/ur_yt_simConfig-version.cmake
[0.625s] -- Up-to-date symlink: /home/ubuntu/ros2_ws/install/ur_yt_sim/share/ur_yt_sim/package.xml
[0.629s] Invoked command in '/home/ubuntu/ros2_ws/build/ur_yt_sim' returned '0': CMAKE_PREFIX_PATH=${CMAKE_PREFIX_PATH}:/opt/ros/jazzy DEBUGINFOD_URLS=https://debuginfod.ubuntu.com /usr/bin/cmake --install /home/ubuntu/ros2_ws/build/ur_yt_sim
