-- The C compiler identification is GNU 13.3.0
-- The CXX compiler identification is GNU 13.3.0
-- Detecting C compiler ABI info
-- Detecting C compiler ABI info - done
-- Check for working C compiler: /usr/bin/cc - skipped
-- Detecting C compile features
-- Detecting C compile features - done
-- Detecting CXX compiler ABI info
-- Detecting CXX compiler ABI info - done
-- Check for working CXX compiler: /usr/bin/c++ - skipped
-- Detecting CXX compile features
-- Detecting CXX compile features - done
-- Found ament_cmake: 2.5.5 (/opt/ros/jazzy/share/ament_cmake/cmake)
-- Found Python3: /usr/bin/python3 (found version "3.12.3") found components: Interpreter 
-- Override CMake install command with custom implementation using symlinks instead of copying resources
-- Configuring done (1.2s)
-- Generating done (0.0s)
-- Build files have been written to: /home/ubuntu/ros2_ws/build/ur_yt_sim
-- Install configuration: ""
-- Execute custom install script
-- Symlinking: /home/ubuntu/ros2_ws/install/ur_yt_sim/share/ur_yt_sim/launch/view_ur5e_gripper.launch.py
-- Symlinking: /home/ubuntu/ros2_ws/install/ur_yt_sim/share/ur_yt_sim/urdf/robotiq_gripper.ros2_control.xacro
-- Symlinking: /home/ubuntu/ros2_ws/install/ur_yt_sim/share/ur_yt_sim/urdf/robotiq_gripper_macro.xacro
-- Symlinking: /home/ubuntu/ros2_ws/install/ur_yt_sim/share/ur_yt_sim/urdf/ur5.ros2_control.xacro
-- Symlinking: /home/ubuntu/ros2_ws/install/ur_yt_sim/share/ur_yt_sim/urdf/ur5_macro.xacro
-- Symlinking: /home/ubuntu/ros2_ws/install/ur_yt_sim/share/ur_yt_sim/urdf/ur5e_gripper.urdf.xacro
-- Symlinking: /home/ubuntu/ros2_ws/install/ur_yt_sim/share/ur_yt_sim/urdf/ur_moveit.urdf.xacro
-- Symlinking: /home/ubuntu/ros2_ws/install/ur_yt_sim/share/ur_yt_sim/rviz/ur5e_gripper.rviz
-- Symlinking: /home/ubuntu/ros2_ws/install/ur_yt_sim/share/ur_yt_sim/config/initial_positions.yaml
-- Symlinking: /home/ubuntu/ros2_ws/install/ur_yt_sim/share/ament_index/resource_index/package_run_dependencies/ur_yt_sim
-- Symlinking: /home/ubuntu/ros2_ws/install/ur_yt_sim/share/ament_index/resource_index/parent_prefix_path/ur_yt_sim
-- Symlinking: /home/ubuntu/ros2_ws/install/ur_yt_sim/share/ur_yt_sim/environment/ament_prefix_path.sh
-- Symlinking: /home/ubuntu/ros2_ws/install/ur_yt_sim/share/ur_yt_sim/environment/ament_prefix_path.dsv
-- Symlinking: /home/ubuntu/ros2_ws/install/ur_yt_sim/share/ur_yt_sim/environment/path.sh
-- Symlinking: /home/ubuntu/ros2_ws/install/ur_yt_sim/share/ur_yt_sim/environment/path.dsv
-- Symlinking: /home/ubuntu/ros2_ws/install/ur_yt_sim/share/ur_yt_sim/local_setup.bash
-- Symlinking: /home/ubuntu/ros2_ws/install/ur_yt_sim/share/ur_yt_sim/local_setup.sh
-- Symlinking: /home/ubuntu/ros2_ws/install/ur_yt_sim/share/ur_yt_sim/local_setup.zsh
-- Symlinking: /home/ubuntu/ros2_ws/install/ur_yt_sim/share/ur_yt_sim/local_setup.dsv
-- Symlinking: /home/ubuntu/ros2_ws/install/ur_yt_sim/share/ur_yt_sim/package.dsv
-- Symlinking: /home/ubuntu/ros2_ws/install/ur_yt_sim/share/ament_index/resource_index/packages/ur_yt_sim
-- Symlinking: /home/ubuntu/ros2_ws/install/ur_yt_sim/share/ur_yt_sim/cmake/ur_yt_simConfig.cmake
-- Symlinking: /home/ubuntu/ros2_ws/install/ur_yt_sim/share/ur_yt_sim/cmake/ur_yt_simConfig-version.cmake
-- Symlinking: /home/ubuntu/ros2_ws/install/ur_yt_sim/share/ur_yt_sim/package.xml
