[0.022s] Invoking command in '/home/ubuntu/ros2_ws/build/ur_yt_sim': CMAKE_PREFIX_PATH=${CMAKE_PREFIX_PATH}:/opt/ros/jazzy DEBUGINFOD_URLS=https://debuginfod.ubuntu.com /usr/bin/cmake --build /home/ubuntu/ros2_ws/build/ur_yt_sim -- -j8 -l8
[0.103s] Invoked command in '/home/ubuntu/ros2_ws/build/ur_yt_sim' returned '0': CMAKE_PREFIX_PATH=${CMAKE_PREFIX_PATH}:/opt/ros/jazzy DEBUGINFOD_URLS=https://debuginfod.ubuntu.com /usr/bin/cmake --build /home/ubuntu/ros2_ws/build/ur_yt_sim -- -j8 -l8
[0.127s] Invoking command in '/home/ubuntu/ros2_ws/build/ur_yt_sim': CMAKE_PREFIX_PATH=${CMAKE_PREFIX_PATH}:/opt/ros/jazzy DEBUGINFOD_URLS=https://debuginfod.ubuntu.com /usr/bin/cmake --install /home/ubuntu/ros2_ws/build/ur_yt_sim
[0.137s] -- Install configuration: ""
[0.138s] -- Execute custom install script
[0.138s] -- Up-to-date symlink: /home/ubuntu/ros2_ws/install/ur_yt_sim/share/ur_yt_sim/launch/view_ur5e_gripper.launch.py
[0.138s] -- Up-to-date symlink: /home/ubuntu/ros2_ws/install/ur_yt_sim/share/ur_yt_sim/urdf/robotiq_gripper.ros2_control.xacro
[0.138s] -- Up-to-date symlink: /home/ubuntu/ros2_ws/install/ur_yt_sim/share/ur_yt_sim/urdf/robotiq_gripper_macro.xacro
[0.139s] -- Up-to-date symlink: /home/ubuntu/ros2_ws/install/ur_yt_sim/share/ur_yt_sim/urdf/robotiq_overrides/robotiq_gripper.ros2_control.xacro
[0.139s] -- Up-to-date symlink: /home/ubuntu/ros2_ws/install/ur_yt_sim/share/ur_yt_sim/urdf/ur5.ros2_control.xacro
[0.139s] -- Up-to-date symlink: /home/ubuntu/ros2_ws/install/ur_yt_sim/share/ur_yt_sim/urdf/ur5_macro.xacro
[0.140s] -- Up-to-date symlink: /home/ubuntu/ros2_ws/install/ur_yt_sim/share/ur_yt_sim/urdf/ur5e_gripper.urdf.xacro
[0.140s] -- Up-to-date symlink: /home/ubuntu/ros2_ws/install/ur_yt_sim/share/ur_yt_sim/urdf/ur_moveit.urdf.xacro
[0.140s] -- Up-to-date symlink: /home/ubuntu/ros2_ws/install/ur_yt_sim/share/ur_yt_sim/rviz/ur5e_gripper.rviz
[0.140s] -- Up-to-date symlink: /home/ubuntu/ros2_ws/install/ur_yt_sim/share/ur_yt_sim/config/initial_positions.yaml
[0.140s] -- Up-to-date symlink: /home/ubuntu/ros2_ws/install/ur_yt_sim/share/ament_index/resource_index/package_run_dependencies/ur_yt_sim
[0.141s] -- Up-to-date symlink: /home/ubuntu/ros2_ws/install/ur_yt_sim/share/ament_index/resource_index/parent_prefix_path/ur_yt_sim
[0.141s] -- Up-to-date symlink: /home/ubuntu/ros2_ws/install/ur_yt_sim/share/ur_yt_sim/environment/ament_prefix_path.sh
[0.141s] -- Up-to-date symlink: /home/ubuntu/ros2_ws/install/ur_yt_sim/share/ur_yt_sim/environment/ament_prefix_path.dsv
[0.141s] -- Up-to-date symlink: /home/ubuntu/ros2_ws/install/ur_yt_sim/share/ur_yt_sim/environment/path.sh
[0.142s] -- Up-to-date symlink: /home/ubuntu/ros2_ws/install/ur_yt_sim/share/ur_yt_sim/environment/path.dsv
[0.142s] -- Up-to-date symlink: /home/ubuntu/ros2_ws/install/ur_yt_sim/share/ur_yt_sim/local_setup.bash
[0.142s] -- Up-to-date symlink: /home/ubuntu/ros2_ws/install/ur_yt_sim/share/ur_yt_sim/local_setup.sh
[0.142s] -- Up-to-date symlink: /home/ubuntu/ros2_ws/install/ur_yt_sim/share/ur_yt_sim/local_setup.zsh
[0.142s] -- Up-to-date symlink: /home/ubuntu/ros2_ws/install/ur_yt_sim/share/ur_yt_sim/local_setup.dsv
[0.142s] -- Symlinking: /home/ubuntu/ros2_ws/install/ur_yt_sim/share/ur_yt_sim/package.dsv
[0.161s] -- Up-to-date symlink: /home/ubuntu/ros2_ws/install/ur_yt_sim/share/ament_index/resource_index/packages/ur_yt_sim
[0.162s] -- Up-to-date symlink: /home/ubuntu/ros2_ws/install/ur_yt_sim/share/ur_yt_sim/cmake/ur_yt_simConfig.cmake
[0.162s] -- Up-to-date symlink: /home/ubuntu/ros2_ws/install/ur_yt_sim/share/ur_yt_sim/cmake/ur_yt_simConfig-version.cmake
[0.163s] -- Up-to-date symlink: /home/ubuntu/ros2_ws/install/ur_yt_sim/share/ur_yt_sim/package.xml
[0.167s] Invoked command in '/home/ubuntu/ros2_ws/build/ur_yt_sim' returned '0': CMAKE_PREFIX_PATH=${CMAKE_PREFIX_PATH}:/opt/ros/jazzy DEBUGINFOD_URLS=https://debuginfod.ubuntu.com /usr/bin/cmake --install /home/ubuntu/ros2_ws/build/ur_yt_sim
