-- The C compiler identification is GNU 13.3.0
-- The CXX compiler identification is GNU 13.3.0
-- Detecting C compiler ABI info
-- Detecting C compiler ABI info - done
-- Check for working C compiler: /usr/bin/cc - skipped
-- Detecting C compile features
-- Detecting C compile features - done
-- Detecting CXX compiler ABI info
-- Detecting CXX compiler ABI info - done
-- Check for working CXX compiler: /usr/bin/c++ - skipped
-- Detecting CXX compile features
-- Detecting CXX compile features - done
-- Found ament_cmake: 2.5.5 (/opt/ros/jazzy/share/ament_cmake/cmake)
-- Found Python3: /usr/bin/python3 (found version "3.12.3") found components: Interpreter 
-- Override CMake install command with custom implementation using symlinks instead of copying resources
-- Configuring done (1.2s)
-- Generating done (0.0s)
-- Build files have been written to: /home/ubuntu/ros2_ws/build/ur5e_robotiq_moveit_config
-- Install configuration: ""
-- Execute custom install script
-- Symlinking: /home/ubuntu/ros2_ws/install/ur5e_robotiq_moveit_config/share/ur5e_robotiq_moveit_config/launch/bringup.launch.py
-- Symlinking: /home/ubuntu/ros2_ws/install/ur5e_robotiq_moveit_config/share/ur5e_robotiq_moveit_config/launch/ros2_control.launch.py
-- Symlinking: /home/ubuntu/ros2_ws/install/ur5e_robotiq_moveit_config/share/ur5e_robotiq_moveit_config/launch/ur_moveit.launch.py
-- Symlinking: /home/ubuntu/ros2_ws/install/ur5e_robotiq_moveit_config/share/ur5e_robotiq_moveit_config/config/chomp_planning.yaml
-- Symlinking: /home/ubuntu/ros2_ws/install/ur5e_robotiq_moveit_config/share/ur5e_robotiq_moveit_config/config/joint_limits.yaml
-- Symlinking: /home/ubuntu/ros2_ws/install/ur5e_robotiq_moveit_config/share/ur5e_robotiq_moveit_config/config/kinematics.yaml
-- Symlinking: /home/ubuntu/ros2_ws/install/ur5e_robotiq_moveit_config/share/ur5e_robotiq_moveit_config/config/moveit.rviz
-- Symlinking: /home/ubuntu/ros2_ws/install/ur5e_robotiq_moveit_config/share/ur5e_robotiq_moveit_config/config/moveit_controllers.yaml
-- Symlinking: /home/ubuntu/ros2_ws/install/ur5e_robotiq_moveit_config/share/ur5e_robotiq_moveit_config/config/ompl_planning.yaml
-- Symlinking: /home/ubuntu/ros2_ws/install/ur5e_robotiq_moveit_config/share/ur5e_robotiq_moveit_config/config/pilz_cartesian_limits.yaml
-- Symlinking: /home/ubuntu/ros2_ws/install/ur5e_robotiq_moveit_config/share/ur5e_robotiq_moveit_config/config/pilz_industrial_motion_planner_planning.yaml
-- Symlinking: /home/ubuntu/ros2_ws/install/ur5e_robotiq_moveit_config/share/ur5e_robotiq_moveit_config/config/ros2_controllers.yaml
-- Symlinking: /home/ubuntu/ros2_ws/install/ur5e_robotiq_moveit_config/share/ur5e_robotiq_moveit_config/config/ur_servo.yaml
-- Symlinking: /home/ubuntu/ros2_ws/install/ur5e_robotiq_moveit_config/share/ur5e_robotiq_moveit_config/srdf/ur.srdf.xacro
-- Symlinking: /home/ubuntu/ros2_ws/install/ur5e_robotiq_moveit_config/share/ur5e_robotiq_moveit_config/srdf/ur_macro.srdf.xacro
-- Symlinking: /home/ubuntu/ros2_ws/install/ur5e_robotiq_moveit_config/share/ur5e_robotiq_moveit_config/urdf/ur_moveit.urdf.xacro
-- Symlinking: /home/ubuntu/ros2_ws/install/ur5e_robotiq_moveit_config/lib/ur5e_robotiq_moveit_config/publish_robot_description.py
-- Symlinking: /home/ubuntu/ros2_ws/install/ur5e_robotiq_moveit_config/share/ament_index/resource_index/package_run_dependencies/ur5e_robotiq_moveit_config
-- Symlinking: /home/ubuntu/ros2_ws/install/ur5e_robotiq_moveit_config/share/ament_index/resource_index/parent_prefix_path/ur5e_robotiq_moveit_config
-- Symlinking: /home/ubuntu/ros2_ws/install/ur5e_robotiq_moveit_config/share/ur5e_robotiq_moveit_config/environment/ament_prefix_path.sh
-- Symlinking: /home/ubuntu/ros2_ws/install/ur5e_robotiq_moveit_config/share/ur5e_robotiq_moveit_config/environment/ament_prefix_path.dsv
-- Symlinking: /home/ubuntu/ros2_ws/install/ur5e_robotiq_moveit_config/share/ur5e_robotiq_moveit_config/environment/path.sh
-- Symlinking: /home/ubuntu/ros2_ws/install/ur5e_robotiq_moveit_config/share/ur5e_robotiq_moveit_config/environment/path.dsv
-- Symlinking: /home/ubuntu/ros2_ws/install/ur5e_robotiq_moveit_config/share/ur5e_robotiq_moveit_config/local_setup.bash
-- Symlinking: /home/ubuntu/ros2_ws/install/ur5e_robotiq_moveit_config/share/ur5e_robotiq_moveit_config/local_setup.sh
-- Symlinking: /home/ubuntu/ros2_ws/install/ur5e_robotiq_moveit_config/share/ur5e_robotiq_moveit_config/local_setup.zsh
-- Symlinking: /home/ubuntu/ros2_ws/install/ur5e_robotiq_moveit_config/share/ur5e_robotiq_moveit_config/local_setup.dsv
-- Symlinking: /home/ubuntu/ros2_ws/install/ur5e_robotiq_moveit_config/share/ur5e_robotiq_moveit_config/package.dsv
-- Symlinking: /home/ubuntu/ros2_ws/install/ur5e_robotiq_moveit_config/share/ament_index/resource_index/packages/ur5e_robotiq_moveit_config
-- Symlinking: /home/ubuntu/ros2_ws/install/ur5e_robotiq_moveit_config/share/ur5e_robotiq_moveit_config/cmake/ur5e_robotiq_moveit_configConfig.cmake
-- Symlinking: /home/ubuntu/ros2_ws/install/ur5e_robotiq_moveit_config/share/ur5e_robotiq_moveit_config/cmake/ur5e_robotiq_moveit_configConfig-version.cmake
-- Symlinking: /home/ubuntu/ros2_ws/install/ur5e_robotiq_moveit_config/share/ur5e_robotiq_moveit_config/package.xml
