[0.062s] Invoking command in '/home/ubuntu/ros2_ws/build/ur_yt_sim': DEBUGINFOD_URLS=https://debuginfod.ubuntu.com /usr/bin/cmake --build /home/ubuntu/ros2_ws/build/ur_yt_sim -- -j8 -l8
[0.303s] Invoked command in '/home/ubuntu/ros2_ws/build/ur_yt_sim' returned '0': DEBUGINFOD_URLS=https://debuginfod.ubuntu.com /usr/bin/cmake --build /home/ubuntu/ros2_ws/build/ur_yt_sim -- -j8 -l8
[0.331s] Invoking command in '/home/ubuntu/ros2_ws/build/ur_yt_sim': DEBUGINFOD_URLS=https://debuginfod.ubuntu.com /usr/bin/cmake --install /home/ubuntu/ros2_ws/build/ur_yt_sim
[0.350s] -- Install configuration: ""
[0.356s] -- Execute custom install script
[0.363s] -- Up-to-date symlink: /home/ubuntu/ros2_ws/install/ur_yt_sim/share/ur_yt_sim/launch/view_ur5e_gripper.launch.py
[0.364s] -- Up-to-date symlink: /home/ubuntu/ros2_ws/install/ur_yt_sim/share/ur_yt_sim/urdf/robotiq_gripper.ros2_control.xacro
[0.365s] -- Up-to-date symlink: /home/ubuntu/ros2_ws/install/ur_yt_sim/share/ur_yt_sim/urdf/robotiq_gripper_macro.xacro
[0.365s] -- Up-to-date symlink: /home/ubuntu/ros2_ws/install/ur_yt_sim/share/ur_yt_sim/urdf/ur5.ros2_control.xacro
[0.366s] -- Up-to-date symlink: /home/ubuntu/ros2_ws/install/ur_yt_sim/share/ur_yt_sim/urdf/ur5_macro.xacro
[0.366s] -- Up-to-date symlink: /home/ubuntu/ros2_ws/install/ur_yt_sim/share/ur_yt_sim/urdf/ur5e_gripper.urdf.xacro
[0.367s] -- Up-to-date symlink: /home/ubuntu/ros2_ws/install/ur_yt_sim/share/ur_yt_sim/urdf/ur_moveit.urdf.xacro
[0.367s] -- Up-to-date symlink: /home/ubuntu/ros2_ws/install/ur_yt_sim/share/ur_yt_sim/rviz/ur5e_gripper.rviz
[0.368s] -- Up-to-date symlink: /home/ubuntu/ros2_ws/install/ur_yt_sim/share/ur_yt_sim/config/initial_positions.yaml
[0.372s] -- Up-to-date symlink: /home/ubuntu/ros2_ws/install/ur_yt_sim/share/ament_index/resource_index/package_run_dependencies/ur_yt_sim
[0.373s] -- Up-to-date symlink: /home/ubuntu/ros2_ws/install/ur_yt_sim/share/ament_index/resource_index/parent_prefix_path/ur_yt_sim
[0.373s] -- Up-to-date symlink: /home/ubuntu/ros2_ws/install/ur_yt_sim/share/ur_yt_sim/environment/ament_prefix_path.sh
[0.373s] -- Up-to-date symlink: /home/ubuntu/ros2_ws/install/ur_yt_sim/share/ur_yt_sim/environment/ament_prefix_path.dsv
[0.374s] -- Up-to-date symlink: /home/ubuntu/ros2_ws/install/ur_yt_sim/share/ur_yt_sim/environment/path.sh
[0.374s] -- Up-to-date symlink: /home/ubuntu/ros2_ws/install/ur_yt_sim/share/ur_yt_sim/environment/path.dsv
[0.374s] -- Up-to-date symlink: /home/ubuntu/ros2_ws/install/ur_yt_sim/share/ur_yt_sim/local_setup.bash
[0.374s] -- Up-to-date symlink: /home/ubuntu/ros2_ws/install/ur_yt_sim/share/ur_yt_sim/local_setup.sh
[0.375s] -- Up-to-date symlink: /home/ubuntu/ros2_ws/install/ur_yt_sim/share/ur_yt_sim/local_setup.zsh
[0.375s] -- Up-to-date symlink: /home/ubuntu/ros2_ws/install/ur_yt_sim/share/ur_yt_sim/local_setup.dsv
[0.375s] -- Symlinking: /home/ubuntu/ros2_ws/install/ur_yt_sim/share/ur_yt_sim/package.dsv
[0.392s] -- Up-to-date symlink: /home/ubuntu/ros2_ws/install/ur_yt_sim/share/ament_index/resource_index/packages/ur_yt_sim
[0.393s] -- Up-to-date symlink: /home/ubuntu/ros2_ws/install/ur_yt_sim/share/ur_yt_sim/cmake/ur_yt_simConfig.cmake
[0.394s] -- Up-to-date symlink: /home/ubuntu/ros2_ws/install/ur_yt_sim/share/ur_yt_sim/cmake/ur_yt_simConfig-version.cmake
[0.394s] -- Up-to-date symlink: /home/ubuntu/ros2_ws/install/ur_yt_sim/share/ur_yt_sim/package.xml
[0.403s] Invoked command in '/home/ubuntu/ros2_ws/build/ur_yt_sim' returned '0': DEBUGINFOD_URLS=https://debuginfod.ubuntu.com /usr/bin/cmake --install /home/ubuntu/ros2_ws/build/ur_yt_sim
